###############################################################################
#
# IAR ELF Linker V2.20.1.176 for STM8                     22/Jul/2016  16:18:26
# Copyright 2010-2015 IAR Systems AB.
#
#    Output file  =  
#        C:\Users\prashant\Desktop\OneWire\Debug\Exe\ds18b20_temp_sensor.out
#    Map file     =  
#        C:\Users\prashant\Desktop\OneWire\Debug\List\ds18b20_temp_sensor.map
#    Command line =  
#        C:\Users\prashant\Desktop\OneWire\Debug\Obj\delay.o
#        C:\Users\prashant\Desktop\OneWire\Debug\Obj\main.o
#        C:\Users\prashant\Desktop\OneWire\Debug\Obj\stm8l15x_clk.o
#        C:\Users\prashant\Desktop\OneWire\Debug\Obj\stm8l15x_gpio.o
#        C:\Users\prashant\Desktop\OneWire\Debug\Obj\stm8l15x_tim2.o
#        C:\Users\prashant\Desktop\OneWire\Debug\Obj\tempSensor.o --redirect
#        _Printf=_PrintfFullNoMb --redirect _Scanf=_ScanfFullNoMb -o
#        C:\Users\prashant\Desktop\OneWire\Debug\Exe\ds18b20_temp_sensor.out
#        --map
#        C:\Users\prashant\Desktop\OneWire\Debug\List\ds18b20_temp_sensor.map
#        --config "C:\Program Files (x86)\IAR Systems\Embedded Workbench
#        7.3\stm8\config\lnkstm8l152c4.icf" --config_def _CSTACK_SIZE=0x100
#        --config_def _HEAP_SIZE=0x100 --entry __iar_program_start --debug_lib
#
###############################################################################

*******************************************************************************
*** RUNTIME MODEL ATTRIBUTES
***

__SystemLibrary            = DLib
__code_model               = small
__core                     = stm8
__data_model               = medium
__dlib_file_descriptor     = 0
__dlib_full_locale_support = 0
__rt_version               = 4


*******************************************************************************
*** PLACEMENT SUMMARY
***

"A1":  place at start of [0x000000-0x0000ff] { rw section .vregs };
"A2":  place at end of [0x000000-0x0007ff] { block CSTACK };
"A3":  place at start of [0x008000-0x00bfff] { block INTVEC };
"P3":  place in [from 0x008000 to 0x00bfff] {
          ro section __DLIB_PERTHREAD_init, ro section .far.data_init,
          ro section .far_func.textrw_init, ro section .huge.data_init,
          ro section .huge_func.textrw_init, ro section .iar.init_table,
          ro section .init_array, ro section .near.data_init,
          ro section .near.rodata, ro section .near_func.text,
          ro section .near_func.textrw_init, ro section .tiny.data_init,
          ro section .tiny.rodata_init };

  Section          Kind      Address   Size  Object
  -------          ----      -------   ----  ------
"A1":                                   0xc
  .vregs           uninit   0x000000    0xc  vregs.o [4]
                          - 0x00000c    0xc

"A2":                                 0x100
  CSTACK                    0x000700  0x100  <Block>
    CSTACK         uninit   0x000700  0x100  <Block tail>
                          - 0x000800  0x100

"A3":                                  0x80
  INTVEC                    0x008000   0x80  <Block>
    .intvec        const    0x008000   0x80  interrupt.o [4]
                          - 0x008080   0x80

"P3":                                 0x5e9
  .near_func.text  ro code  0x008080   0xc6  long.o [4]
  .near_func.text  ro code  0x008146   0x8e  stm8l15x_clk.o [1]
  .near_func.text  ro code  0x0081d4   0x71  vreg_util.o [4]
  .near_func.text  ro code  0x008245   0x65  stm8l15x_tim2.o [1]
  .near_func.text  ro code  0x0082aa   0x58  tempSensor.o [1]
  .near_func.text  ro code  0x008302   0x57  float.o [4]
  .near_func.text  ro code  0x008359   0x41  stm8l15x_clk.o [1]
  .near_func.text  ro code  0x00839a   0x3c  delay.o [1]
  .near_func.text  ro code  0x0083d6   0x36  tempSensor.o [1]
  .near_func.text  ro code  0x00840c   0x33  tempSensor.o [1]
  .near_func.text  ro code  0x00843f   0x33  tempSensor.o [1]
  .near_func.text  ro code  0x008472   0x30  tempSensor.o [1]
  .near_func.text  ro code  0x0084a2   0x2e  tempSensor.o [1]
  .near_func.text  ro code  0x0084d0   0x26  stm8l15x_tim2.o [1]
  .near_func.text  ro code  0x0084f6   0x26  short.o [4]
  .near_func.text  ro code  0x00851c   0x24  stm8l15x_tim2.o [1]
  .near_func.text  ro code  0x008540   0x1d  delay.o [1]
  .near_func.text  ro code  0x00855d   0x17  init.o [4]
  .near_func.text  ro code  0x008574   0x16  main.o [1]
  .near_func.text  ro code  0x00858a   0x15  delay.o [1]
  .near_func.text  ro code  0x00859f   0x14  __dbg_xxexit.o [3]
  .near_func.text  ro code  0x0085b3   0x13  cstartup.o [4]
  .near_func.text  ro code  0x0085c6    0xe  stm8l15x_clk.o [1]
  .near_func.text  ro code  0x0085d4    0xe  stm8l15x_tim2.o [1]
  .near_func.text  ro code  0x0085e2    0xe  stm8l15x_tim2.o [1]
  .near_func.text  ro code  0x0085f0    0xd  delay.o [1]
  .near_func.text  ro code  0x0085fd    0xd  tempSensor.o [1]
  .near_func.text  ro code  0x00860a    0xd  tempSensor.o [1]
  .near_func.text  ro code  0x008617    0xd  dc_util.o [4]
  .near_func.text  ro code  0x008624    0xc  long_util.o [4]
  .near_func.text  ro code  0x008630    0xb  stm8l15x_tim2.o [1]
  .near_func.text  ro code  0x00863b    0x9  stm8l15x_tim2.o [1]
  .near_func.text  ro code  0x008644    0x9  stm8l15x_tim2.o [1]
  .near_func.text  ro code  0x00864d    0x6  tempSensor.o [1]
  .near_func.text  ro code  0x008653    0x5  cexit.o [4]
  .near_func.text  ro code  0x008658    0x4  stm8l15x_clk.o [1]
  .near_func.text  ro code  0x00865c    0x3  interrupt.o [4]
  .near_func.text  ro code  0x00865f    0x3  low_level_init.o [4]
  .near_func.text  ro code  0x008662    0x3  exit.o [4]
  .near_func.text  ro code  0x008665    0x3  unhandled_exception.o [4]
  .near_func.text  ro code  0x008668    0x1  __dbg_break.o [3]
                          - 0x008669  0x5e9



*******************************************************************************
*** MODULE SUMMARY
***

    Module                 ro code  ro data  rw data
    ------                 -------  -------  -------
C:\Users\prashant\Desktop\OneWire\Debug\Obj: [1]
    delay.o                    123
    main.o                      22
    stm8l15x_clk.o             225
    stm8l15x_tim2.o            232
    tempSensor.o               370
    ------------------------------------------------
    Total:                     972

command line: [2]
    ------------------------------------------------
    Total:

dbgstm8smd.a: [3]
    __dbg_break.o                1
    __dbg_xxexit.o              20
    ------------------------------------------------
    Total:                      21

dlstm8smn.a: [4]
    cexit.o                      5
    cstartup.o                  19
    dc_util.o                   13
    exit.o                       3
    float.o                     87
    init.o                      23
    interrupt.o                  3      128
    long.o                     198
    long_util.o                 12
    low_level_init.o             3
    short.o                     38
    unhandled_exception.o        3
    vreg_util.o                113
    vregs.o                                       12
    ------------------------------------------------
    Total:                     520      128       12

    Linker created                               256
----------------------------------------------------
    Grand Total:             1 513      128      268


*******************************************************************************
*** ENTRY LIST
***

Entry                     Address  Size  Type      Object
-----                     -------  ----  ----      ------
?b0                      0x000000        Data  Gb  vregs.o [4]
?b1                      0x000001        Data  Gb  vregs.o [4]
?b10                     0x00000a        Data  Gb  vregs.o [4]
?b11                     0x00000b        Data  Gb  vregs.o [4]
?b2                      0x000002        Data  Gb  vregs.o [4]
?b3                      0x000003        Data  Gb  vregs.o [4]
?b4                      0x000004        Data  Gb  vregs.o [4]
?b5                      0x000005        Data  Gb  vregs.o [4]
?b6                      0x000006        Data  Gb  vregs.o [4]
?b7                      0x000007        Data  Gb  vregs.o [4]
?b8                      0x000008        Data  Gb  vregs.o [4]
?b9                      0x000009        Data  Gb  vregs.o [4]
?dc32_l1                 0x008617        Code  Gb  dc_util.o [4]
?e0                      0x000001        Data  Gb  vregs.o [4]
?e1                      0x000005        Data  Gb  vregs.o [4]
?e2                      0x000009        Data  Gb  vregs.o [4]
?epilogue_l2             0x008230        Code  Gb  vreg_util.o [4]
?epilogue_w4             0x008234        Code  Gb  vreg_util.o [4]
?fcastf32s32_l0_l0       0x008302        Code  Gb  float.o [4]
?l0                      0x000000        Data  Gb  vregs.o [4]
?l1                      0x000004        Data  Gb  vregs.o [4]
?l2                      0x000008        Data  Gb  vregs.o [4]
?load32_l1_0x            0x008624        Code  Gb  long_util.o [4]
?mov_e2_e0               0x00823b        Code  Gb  vreg_util.o [4]
?mov_l2_l0               0x008238        Code  Gb  vreg_util.o [4]
?mov_w5_w1               0x00823e        Code  Gb  vreg_util.o [4]
?mul16_x_x_w0            0x0084f6        Code  Gb  short.o [4]
?neg32_l0_l0             0x008080        Code  Gb  long.o [4]
?pop_l2                  0x00821d        Code  Gb  vreg_util.o [4]
?pop_w4                  0x0081ec        Code  Gb  vreg_util.o [4]
?push_l2                 0x0081fb        Code  Gb  vreg_util.o [4]
?push_w4                 0x0081d4        Code  Gb  vreg_util.o [4]
?sdiv32_l0_l0_dl         0x0080fd        Code  Gb  long.o [4]
?sdiv32_l0_l0_l1         0x008100        Code  Gb  long.o [4]
?sll16_x_x_a             0x008514        Code  Gb  short.o [4]
?smod32_l1_l0_l1         0x008100        Code  Gb  long.o [4]
?udiv32_l0_l0_l1         0x008090        Code  Gb  long.o [4]
?umod32_l1_l0_l1         0x008090        Code  Gb  long.o [4]
?w0                      0x000000        Data  Gb  vregs.o [4]
?w1                      0x000002        Data  Gb  vregs.o [4]
?w2                      0x000004        Data  Gb  vregs.o [4]
?w3                      0x000006        Data  Gb  vregs.o [4]
?w4                      0x000008        Data  Gb  vregs.o [4]
?w5                      0x00000a        Data  Gb  vregs.o [4]
CLK_DeInit               0x008359  0x41  Code  Gb  stm8l15x_clk.o [1]
CLK_HSICmd               0x0085c6   0xe  Code  Gb  stm8l15x_clk.o [1]
CLK_PeripheralClockConfig
                         0x008146  0x8e  Code  Gb  stm8l15x_clk.o [1]
CLK_SYSCLKDivConfig      0x008658   0x4  Code  Gb  stm8l15x_clk.o [1]
CSTACK$$Base             0x000700         --   Gb  - Linker created -
CSTACK$$Limit            0x000800         --   Gb  - Linker created -
INTVEC$$Base             0x008000         --   Gb  - Linker created -
INTVEC$$Limit            0x008080         --   Gb  - Linker created -
InitTimer                0x008540  0x1d  Code  Gb  delay.o [1]
OneWireHigh              0x0085fd   0xd  Code  Gb  tempSensor.o [1]
OneWireRead              0x00864d   0x6  Code  Gb  tempSensor.o [1]
OneWireReadBit           0x00843f  0x33  Code  Gb  tempSensor.o [1]
OneWireReadByte          0x0083d6  0x36  Code  Gb  tempSensor.o [1]
OneWireRelease           0x00860a   0xd  Code  Gb  tempSensor.o [1]
OneWireReset             0x008472  0x30  Code  Gb  tempSensor.o [1]
OneWireTemp              0x0082aa  0x58  Code  Gb  tempSensor.o [1]
OneWireWriteBit          0x00840c  0x33  Code  Gb  tempSensor.o [1]
OneWireWriteByte         0x0084a2  0x2e  Code  Gb  tempSensor.o [1]
Region$$Table$$Base    0x00000000         --   Gb  - Linker created -
Region$$Table$$Limit   0x00000000         --   Gb  - Linker created -
TIM2_ARRPreloadConfig    0x0085d4   0xe  Code  Gb  stm8l15x_tim2.o [1]
TIM2_ClearFlag           0x008630   0xb  Code  Gb  stm8l15x_tim2.o [1]
TIM2_Cmd                 0x0085e2   0xe  Code  Gb  stm8l15x_tim2.o [1]
TIM2_DeInit              0x008245  0x65  Code  Gb  stm8l15x_tim2.o [1]
TIM2_GetFlagStatus       0x0084d0  0x26  Code  Gb  stm8l15x_tim2.o [1]
TIM2_SetAutoreload       0x008644   0x9  Code  Gb  stm8l15x_tim2.o [1]
TIM2_SetCounter          0x00863b   0x9  Code  Gb  stm8l15x_tim2.o [1]
TIM2_TimeBaseInit        0x00851c  0x24  Code  Gb  stm8l15x_tim2.o [1]
__DebugBreak             0x008668   0x1  Code  Gb  __dbg_break.o [3]
__delay_us               0x00839a  0x3c  Code  Gb  delay.o [1]
__exit                   0x00859f  0x14  Code  Gb  __dbg_xxexit.o [3]
__iar_data_init2         0x00855d  0x17  Code  Gb  init.o [4]
__iar_program_start      0x0085b3        Code  Gb  cstartup.o [4]
__iar_unhandled_exception
                         0x008665        Code  Gb  unhandled_exception.o [4]
__intvec                 0x008000        Data  Gb  interrupt.o [4]
__low_level_init         0x00865f   0x3  Code  Gb  low_level_init.o [4]
_delay_                  0x00858a  0x15  Code  Gb  delay.o [1]
_exit                    0x008653        Code  Gb  cexit.o [4]
clk_config               0x0085f0   0xd  Code  Gb  delay.o [1]
exit                     0x008662   0x3  Code  Gb  exit.o [4]
main                     0x008574  0x16  Code  Gb  main.o [1]


[1] = C:\Users\prashant\Desktop\OneWire\Debug\Obj
[2] = command line
[3] = dbgstm8smd.a
[4] = dlstm8smn.a

  1 513 bytes of readonly  code memory
    128 bytes of readonly  data memory
    268 bytes of readwrite data memory

Errors: none
Warnings: none
